0 verbose cli C:\Program Files\nodejs\node.exe C:\Program Files\nodejs\node_modules\npm\bin\npm-cli.js
1 info using npm@10.9.3
2 info using node@v22.20.0
3 silly config load:file:C:\Program Files\nodejs\node_modules\npm\npmrc
4 silly config load:file:E:\Abhivyakti\frontend\.npmrc
5 silly config load:file:C:\Users\user\.npmrc
6 silly config load:file:C:\Users\user\AppData\Roaming\npm\etc\npmrc
7 verbose title npm config set cache
8 verbose argv "config" "set" "cache"
9 verbose logfile logs-max:10 dir:E:\Abhivyakti\frontend\.npm-cache\_logs\2026-05-23T18_03_16_347Z-
10 verbose logfile E:\Abhivyakti\frontend\.npm-cache\_logs\2026-05-23T18_03_16_347Z-debug-0.log
11 silly logfile start cleaning logs, removing 1 files
12 info config set "cache" ""
13 silly logfile done cleaning log files
14 verbose cwd E:\Abhivyakti\frontend
15 verbose os Windows_NT 10.0.26200
16 verbose node v22.20.0
17 verbose npm  v10.9.3
18 verbose exit 0
19 info ok
